======= AST Display =========================
Package
  ClassDeclList [1]
  . ClassDecl
  .   "A" classname
  .   FieldDeclList [0]
  .   MethodDeclList [1]
  .   . (private) MethodDecl
  .   .   VOID BaseType
  .   .   "f" methodname
  .   .   ParameterDeclList [0]
  .   .   StmtList [1]
  .   .   . CallStmt
  .   .   .   IxIdRef
  .   .   .     "a" Identifier
  .   .   .     LiteralExpr
  .   .   .       "3" IntLiteral
  .   .   .   ExprList [0]
=============================================
