======= AST Display =========================
Package
  ClassDeclList [1]
  . ClassDecl
  .   "C" classname
  .   FieldDeclList [0]
  .   MethodDeclList [1]
  .   . (public) MethodDecl
  .   .   VOID BaseType
  .   .   "foo" methodname
  .   .   ParameterDeclList [0]
  .   .   StmtList [2]
  .   .   . CallStmt
  .   .   .   QRef
  .   .   .     "foo" Identifier
  .   .   .     ThisRef
  .   .   .   ExprList [2]
  .   .   .   . LiteralExpr
  .   .   .   .   "3" IntLiteral
  .   .   .   . RefExpr
  .   .   .   .   ThisRef
  .   .   . CallStmt
  .   .   .   QRef
  .   .   .     "foo" Identifier
  .   .   .     IdRef
  .   .   .       "other" Identifier
  .   .   .   ExprList [2]
  .   .   .   . LiteralExpr
  .   .   .   .   "4" IntLiteral
  .   .   .   . RefExpr
  .   .   .   .   IdRef
  .   .   .   .     "other" Identifier
=============================================
