======= AST Display =========================
Package
  ClassDeclList [1]
  . ClassDecl
  .   "A" classname
  .   FieldDeclList [0]
  .   MethodDeclList [1]
  .   . (private) MethodDecl
  .   .   VOID BaseType
  .   .   "p" methodname
  .   .   ParameterDeclList [0]
  .   .   StmtList [1]
  .   .   . VarDeclStmt
  .   .   .   VarDecl
  .   .   .     INT BaseType
  .   .   .     "a" varname
  .   .   .   RefExpr
  .   .   .     IxQRef
  .   .   .       "y" Identifier
  .   .   .       LiteralExpr
  .   .   .         "4" IntLiteral
  .   .   .       IdRef
  .   .   .         "x" Identifier
=============================================
